// Jest Snapshot v1, https://goo.gl/fbAQLP

exports[`should render Page404 correctly 1`] = `
<div>
  This is 404! - 
  <Link
    replace={false}
    to="/"
  >
    Home
  </Link>
</div>
`;
